2026/09/13 16:49:54 - Validar cadastro - Using run configuration [local]
2026/09/13 16:49:54 - pl_validar_cadastro - Executing this pipeline using the Local Pipeline Engine with run configuration 'local'
2026/09/13 16:49:54 - pl_validar_cadastro - Execution started for pipeline [pl_validar_cadastro]
2026/09/13 16:49:54 - Table output.0 - Connected to database [Desenvolvimento] (commit=1000)
2026/09/13 16:49:54 - Ler cadastro academico.0 - Header row skipped in file 'C:\Oficina_pratica_apache_hop/Data_in/cadastro_academico.csv'
2026/09/13 16:49:54 - Ler cadastro academico.0 - Finished processing (I=96, O=0, R=0, W=95, U=0, E=0)
2026/09/13 16:49:54 - Contar por CPF.0 - Finished processing (I=0, O=0, R=32, W=31, U=0, E=0)
2026/09/13 16:49:54 - Contar por matricula.0 - Finished processing (I=0, O=0, R=32, W=32, U=0, E=0)
2026/09/13 16:49:54 - Ler catalogo de cursos.0 - Header row skipped in file 'C:\Oficina_pratica_apache_hop/Data_in/catalogo_cursos.csv'
2026/09/13 16:49:54 - Ler catalogo de cursos.0 - Finished processing (I=5, O=0, R=0, W=4, U=0, E=0)
2026/09/13 16:49:54 - Lookup qtd matricula.0 - Finished processing (I=0, O=0, R=63, W=31, U=0, E=0)
2026/09/13 16:49:54 - Lookup qtd CPF.0 - Finished processing (I=0, O=0, R=62, W=31, U=0, E=0)
2026/09/13 16:49:54 - Aplicar regras cadastro.0 - Optimization level set to 9.
2026/09/13 16:49:54 - Lookup curso oficial.0 - Finished processing (I=0, O=0, R=35, W=31, U=0, E=0)
2026/09/13 16:49:55 - Aplicar regras cadastro.0 - Finished processing (I=0, O=0, R=31, W=31, U=0, E=0)
2026/09/13 16:49:55 - Cadastro valido?.0 - Finished processing (I=0, O=0, R=31, W=31, U=0, E=0)
2026/09/13 16:49:55 - Select values.0 - Finished processing (I=0, O=0, R=10, W=10, U=0, E=0)
2026/09/13 16:49:55 - Gravar cadastro rejeitados.0 - Finished processing (I=0, O=22, R=21, W=21, U=0, E=0)
2026/09/13 16:49:55 - Table output.0 - Finished processing (I=0, O=10, R=10, W=10, U=0, E=0)
2026/09/13 16:49:55 - pl_validar_cadastro - Pipeline duration : 0.349 seconds [  0.349" ]
2026/09/13 16:49:55 - pl_validar_cadastro - Execution finished on a local pipeline engine with run configuration 'local'
