2026/09/12 19:45:09 - pl_carga_cursos.hpl - Using run configuration [local]
2026/09/12 19:45:09 - pl_carga_cursos - Executing this pipeline using the Local Pipeline Engine with run configuration 'local'
2026/09/12 19:45:09 - pl_carga_cursos - Execution started for pipeline [pl_carga_cursos]
2026/09/12 19:45:09 - Table output.0 - Connected to database [Desenvolvimento] (commit=1000)
2026/09/12 19:45:09 - CSV file input.0 - Header row skipped in file 'C:\Oficina_pratica_apache_hop/Data_in/catalogo_cursos.csv'
2026/09/12 19:45:09 - CSV file input.0 - Finished processing (I=5, O=0, R=0, W=4, U=0, E=0)
2026/09/12 19:45:09 - Select values.0 - Finished processing (I=0, O=0, R=4, W=4, U=0, E=0)
2026/09/12 19:45:09 - Table output.0 - ERROR: Unexpected error
2026/09/12 19:45:09 - Table output.0 - ERROR: org.apache.hop.core.exception.HopDatabaseException: 
2026/09/12 19:45:09 - Table output.0 - Couldn't execute SQL: TRUNCATE TABLE "public".cursos
2026/09/12 19:45:09 - Table output.0 - 
2026/09/12 19:45:09 - Table output.0 - ERRO: não existe a relação "public.cursos"
2026/09/12 19:45:09 - Table output.0 - 
2026/09/12 19:45:09 - Table output.0 - 	at org.apache.hop.core.database.Database.execStatement(Database.java:1447)
2026/09/12 19:45:09 - Table output.0 - 	at org.apache.hop.core.database.Database.execStatement(Database.java:1393)
2026/09/12 19:45:09 - Table output.0 - 	at org.apache.hop.core.database.Database.truncateTable(Database.java:3160)
2026/09/12 19:45:09 - Table output.0 - 	at org.apache.hop.pipeline.transforms.tableoutput.TableOutput.truncateTable(TableOutput.java:582)
2026/09/12 19:45:09 - Table output.0 - 	at org.apache.hop.pipeline.transforms.tableoutput.TableOutput.processRow(TableOutput.java:81)
2026/09/12 19:45:09 - Table output.0 - 	at org.apache.hop.pipeline.transform.RunThread.run(RunThread.java:54)
2026/09/12 19:45:09 - Table output.0 - 	at java.base/java.lang.Thread.run(Thread.java:1474)
2026/09/12 19:45:09 - Table output.0 - Caused by: org.postgresql.util.PSQLException: ERRO: não existe a relação "public.cursos"
2026/09/12 19:45:09 - Table output.0 - 	at org.postgresql.core.v3.QueryExecutorImpl.receiveErrorResponse(QueryExecutorImpl.java:2904)
2026/09/12 19:45:09 - Table output.0 - 	at org.postgresql.core.v3.QueryExecutorImpl.processResults(QueryExecutorImpl.java:2589)
2026/09/12 19:45:09 - Table output.0 - 	at org.postgresql.core.v3.QueryExecutorImpl.execute(QueryExecutorImpl.java:431)
2026/09/12 19:45:09 - Table output.0 - 	at org.postgresql.jdbc.PgStatement.executeInternal(PgStatement.java:534)
2026/09/12 19:45:09 - Table output.0 - 	at org.postgresql.jdbc.PgStatement.execute(PgStatement.java:437)
2026/09/12 19:45:09 - Table output.0 - 	at org.postgresql.jdbc.PgStatement.executeWithFlags(PgStatement.java:359)
2026/09/12 19:45:09 - Table output.0 - 	at org.postgresql.jdbc.PgStatement.executeCachedSql(PgStatement.java:344)
2026/09/12 19:45:09 - Table output.0 - 	at org.postgresql.jdbc.PgStatement.executeWithFlags(PgStatement.java:320)
2026/09/12 19:45:09 - Table output.0 - 	at org.postgresql.jdbc.PgStatement.execute(PgStatement.java:315)
2026/09/12 19:45:09 - Table output.0 - 	at org.apache.hop.core.database.Database.execStatement(Database.java:1419)
2026/09/12 19:45:09 - Table output.0 - 	... 6 more
2026/09/12 19:45:09 - Table output.0 - Finished processing (I=0, O=0, R=1, W=0, U=0, E=1)
2026/09/12 19:45:09 - pl_carga_cursos - Pipeline duration : 0.233 seconds [  0.233" ]
2026/09/12 19:45:09 - pl_carga_cursos - Execution finished on a local pipeline engine with run configuration 'local'
2026/09/12 19:45:09 - pl_carga_cursos - Pipeline detected one or more transforms with errors.
2026/09/12 19:45:09 - pl_carga_cursos - Pipeline is killing the other transforms!
