2026/09/12 17:57:30 - pl_validar_cadastro.hpl - Using run configuration [local]
2026/09/12 17:57:30 - pl_validar_cadastro - Executing this pipeline using the Local Pipeline Engine with run configuration 'local'
2026/09/12 17:57:30 - pl_validar_cadastro - Execution started for pipeline [pl_validar_cadastro]
2026/09/12 17:57:30 - Table output.0 - Connected to database [Desenvolvimento] (commit=1000)
2026/09/12 17:57:30 - Ler catalogo de cursos.0 - Finished reading query, closing connection.
2026/09/12 17:57:30 - Ler catalogo de cursos.0 - Finished processing (I=5, O=0, R=0, W=5, U=0, E=0)
2026/09/12 17:57:30 - cadastro_academico.0 - Finished reading query, closing connection.
2026/09/12 17:57:30 - Contar por CPF.0 - Finished processing (I=0, O=0, R=13, W=13, U=0, E=0)
2026/09/12 17:57:30 - Contar por matricula.0 - Finished processing (I=0, O=0, R=14, W=14, U=0, E=0)
2026/09/12 17:57:30 - cadastro_academico.0 - Finished processing (I=40, O=0, R=0, W=40, U=0, E=0)
2026/09/12 17:57:30 - Aplicar regras cadastro.0 - Optimization level set to 9.
2026/09/12 17:57:30 - Lookup qtd matricula.0 - Finished processing (I=0, O=0, R=27, W=13, U=0, E=0)
2026/09/12 17:57:30 - Lookup qtd CPF.0 - Finished processing (I=0, O=0, R=26, W=13, U=0, E=0)
2026/09/12 17:57:30 - Lookup curso oficial.0 - Finished processing (I=0, O=0, R=18, W=13, U=0, E=0)
2026/09/12 17:57:30 - Aplicar regras cadastro.0 - Finished processing (I=0, O=0, R=13, W=13, U=0, E=0)
2026/09/12 17:57:30 - Cadastro valido?.0 - Finished processing (I=0, O=0, R=13, W=13, U=0, E=0)
2026/09/12 17:57:30 - Select values.0 - Finished processing (I=0, O=0, R=12, W=12, U=0, E=0)
2026/09/12 17:57:30 - Gravar cadastro rejeitados.0 - Finished processing (I=0, O=2, R=1, W=1, U=0, E=0)
2026/09/12 17:57:30 - Table output.0 - Finished processing (I=0, O=12, R=12, W=12, U=0, E=0)
2026/09/12 17:57:30 - pl_validar_cadastro - Pipeline duration : 0.493 seconds [  0.493" ]
2026/09/12 17:57:30 - pl_validar_cadastro - Execution finished on a local pipeline engine with run configuration 'local'
