2026/09/12 18:46:16 - pl_validar_cadastro.hpl - Using run configuration [local]
2026/09/12 18:46:16 - pl_validar_cadastro - Executing this pipeline using the Local Pipeline Engine with run configuration 'local'
2026/09/12 18:46:16 - pl_validar_cadastro - Execution started for pipeline [pl_validar_cadastro]
2026/09/12 18:46:16 - Table output.0 - Connected to database [Desenvolvimento] (commit=1000)
2026/09/12 18:46:16 - Ler catalogo de cursos.0 - Finished reading query, closing connection.
2026/09/12 18:46:16 - Ler catalogo de cursos.0 - Finished processing (I=4, O=0, R=0, W=4, U=0, E=0)
2026/09/12 18:46:16 - cadastro_academico.0 - Finished reading query, closing connection.
2026/09/12 18:46:16 - cadastro_academico.0 - Finished processing (I=100, O=0, R=0, W=100, U=0, E=0)
2026/09/12 18:46:16 - Contar por matricula.0 - Finished processing (I=0, O=0, R=34, W=34, U=0, E=0)
2026/09/12 18:46:16 - Contar por CPF.0 - Finished processing (I=0, O=0, R=33, W=15, U=0, E=0)
2026/09/12 18:46:16 - Aplicar regras cadastro.0 - Optimization level set to 9.
2026/09/12 18:46:16 - Lookup qtd matricula.0 - Finished processing (I=0, O=0, R=67, W=33, U=0, E=0)
2026/09/12 18:46:16 - Lookup qtd CPF.0 - Finished processing (I=0, O=0, R=48, W=33, U=0, E=0)
2026/09/12 18:46:16 - Lookup curso oficial.0 - Finished processing (I=0, O=0, R=37, W=33, U=0, E=0)
2026/09/12 18:46:16 - Dummy (do nothing).0 - Finished processing (I=0, O=0, R=16, W=16, U=0, E=0)
2026/09/12 18:46:17 - Aplicar regras cadastro.0 - Finished processing (I=0, O=0, R=33, W=33, U=0, E=0)
2026/09/12 18:46:17 - Cadastro valido?.0 - Finished processing (I=0, O=0, R=33, W=33, U=0, E=0)
2026/09/12 18:46:17 - Gravar cadastro rejeitados.0 - Finished processing (I=0, O=34, R=33, W=33, U=0, E=0)
2026/09/12 18:46:17 - pl_validar_cadastro - Pipeline duration : 0.4 seconds [  0.400" ]
2026/09/12 18:46:17 - pl_validar_cadastro - Execution finished on a local pipeline engine with run configuration 'local'
