2026/09/12 17:41:16 - pl_validar_cadastro.hpl - Using run configuration [local]
2026/09/12 17:41:16 - pl_validar_cadastro - Executing this pipeline using the Local Pipeline Engine with run configuration 'local'
2026/09/12 17:41:16 - pl_validar_cadastro - Execution started for pipeline [pl_validar_cadastro]
2026/09/12 17:41:16 - Table output.0 - Connected to database [Desenvolvimento] (commit=1000)
2026/09/12 17:41:16 - Ler cadastro academico.0 - Header row skipped in file 'C:\Oficina_pratica_apache_hop/Data_in/cadastro_academico.csv'
2026/09/12 17:41:16 - Ler cadastro academico.0 - Finished processing (I=41, O=0, R=0, W=40, U=0, E=0)
2026/09/12 17:41:16 - Ler catalogo de cursos.0 - Finished reading query, closing connection.
2026/09/12 17:41:16 - Contar por matricula.0 - Finished processing (I=0, O=0, R=13, W=13, U=0, E=0)
2026/09/12 17:41:16 - Contar por CPF.0 - Finished processing (I=0, O=0, R=13, W=13, U=0, E=0)
2026/09/12 17:41:16 - Ler catalogo de cursos.0 - Finished processing (I=5, O=0, R=0, W=5, U=0, E=0)
2026/09/12 17:41:16 - Aplicar regras cadastro.0 - Optimization level set to 9.
2026/09/12 17:41:16 - Lookup qtd matricula.0 - Finished processing (I=0, O=0, R=27, W=14, U=0, E=0)
2026/09/12 17:41:16 - Lookup qtd CPF.0 - Finished processing (I=0, O=0, R=27, W=14, U=0, E=0)
2026/09/12 17:41:16 - Lookup curso oficial.0 - Finished processing (I=0, O=0, R=19, W=14, U=0, E=0)
2026/09/12 17:41:16 - Dummy (do nothing).0 - Finished processing (I=0, O=0, R=14, W=14, U=0, E=0)
2026/09/12 17:41:16 - Aplicar regras cadastro.0 - Finished processing (I=0, O=0, R=14, W=14, U=0, E=0)
2026/09/12 17:41:16 - Cadastro valido?.0 - Finished processing (I=0, O=0, R=14, W=14, U=0, E=0)
2026/09/12 17:41:16 - Gravar cadastro rejeitados.0 - Finished processing (I=0, O=15, R=14, W=14, U=0, E=0)
2026/09/12 17:41:16 - pl_validar_cadastro - Pipeline duration : 0.57 seconds [  0.570" ]
2026/09/12 17:41:16 - pl_validar_cadastro - Execution finished on a local pipeline engine with run configuration 'local'
