2026/09/12 14:01:00 - pl_carga_matriculas.hpl - Using run configuration [local]
2026/09/12 14:01:00 - pl_carga_matriculas - Executing this pipeline using the Local Pipeline Engine with run configuration 'local'
2026/09/12 14:01:00 - pl_carga_matriculas - Execution started for pipeline [pl_carga_matriculas]
2026/09/12 14:01:00 - Table input.0 - ERROR: Unexpected error
2026/09/12 14:01:00 - Table input.0 - ERROR: org.apache.hop.core.exception.HopDatabaseException: 
2026/09/12 14:01:00 - Table input.0 - An error occurred executing SQL: 
2026/09/12 14:01:00 - Table input.0 - SELECT * FROM public.discentes where
2026/09/12 14:01:00 - Table input.0 - ERRO: erro de sintaxe no fim da entrada
  Position: 37
2026/09/12 14:01:00 - Table input.0 - 
2026/09/12 14:01:00 - Table input.0 - 	at org.apache.hop.core.database.Database.openQuery(Database.java:1658)
2026/09/12 14:01:00 - Table input.0 - 	at org.apache.hop.pipeline.transforms.tableinput.TableInput.doQuery(TableInput.java:246)
2026/09/12 14:01:00 - Table input.0 - 	at org.apache.hop.pipeline.transforms.tableinput.TableInput.processRow(TableInput.java:139)
2026/09/12 14:01:00 - Table input.0 - 	at org.apache.hop.pipeline.transform.RunThread.run(RunThread.java:54)
2026/09/12 14:01:00 - Table input.0 - 	at java.base/java.lang.Thread.run(Thread.java:1474)
2026/09/12 14:01:00 - Table input.0 - Caused by: org.postgresql.util.PSQLException: ERRO: erro de sintaxe no fim da entrada
  Position: 37
2026/09/12 14:01:00 - Table input.0 - 	at org.postgresql.core.v3.QueryExecutorImpl.receiveErrorResponse(QueryExecutorImpl.java:2904)
2026/09/12 14:01:00 - Table input.0 - 	at org.postgresql.core.v3.QueryExecutorImpl.processResults(QueryExecutorImpl.java:2589)
2026/09/12 14:01:00 - Table input.0 - 	at org.postgresql.core.v3.QueryExecutorImpl.execute(QueryExecutorImpl.java:431)
2026/09/12 14:01:00 - Table input.0 - 	at org.postgresql.jdbc.PgStatement.executeInternal(PgStatement.java:534)
2026/09/12 14:01:00 - Table input.0 - 	at org.postgresql.jdbc.PgStatement.execute(PgStatement.java:437)
2026/09/12 14:01:00 - Table input.0 - 	at org.postgresql.jdbc.PgStatement.executeWithFlags(PgStatement.java:359)
2026/09/12 14:01:00 - Table input.0 - 	at org.postgresql.jdbc.PgStatement.executeCachedSql(PgStatement.java:344)
2026/09/12 14:01:00 - Table input.0 - 	at org.postgresql.jdbc.PgStatement.executeWithFlags(PgStatement.java:320)
2026/09/12 14:01:00 - Table input.0 - 	at org.postgresql.jdbc.PgStatement.executeQuery(PgStatement.java:270)
2026/09/12 14:01:00 - Table input.0 - 	at org.apache.hop.core.database.Database.openQuery(Database.java:1647)
2026/09/12 14:01:00 - Table input.0 - 	... 4 more
2026/09/12 14:01:00 - Table input.0 - Finished reading query, closing connection.
2026/09/12 14:01:00 - Table input.0 - Finished processing (I=0, O=0, R=0, W=0, U=0, E=1)
2026/09/12 14:01:00 - pl_carga_matriculas - Pipeline duration : 0.093 seconds [  0.093" ]
2026/09/12 14:01:00 - pl_carga_matriculas - Execution finished on a local pipeline engine with run configuration 'local'
2026/09/12 14:01:00 - pl_carga_matriculas - Pipeline detected one or more transforms with errors.
2026/09/12 14:01:00 - pl_carga_matriculas - Pipeline is killing the other transforms!
