2026/09/12 14:56:22 - pl_carga_cursos.hpl - Using run configuration [local]
2026/09/12 14:56:22 - pl_carga_cursos - Executing this pipeline using the Local Pipeline Engine with run configuration 'local'
2026/09/12 14:56:22 - pl_carga_cursos - Execution started for pipeline [pl_carga_cursos]
2026/09/12 14:56:22 - Table input.0 - ERROR: Unexpected error
2026/09/12 14:56:22 - Table input.0 - ERROR: org.apache.hop.core.exception.HopDatabaseException: 
2026/09/12 14:56:22 - Table input.0 - An error occurred executing SQL: 
2026/09/12 14:56:22 - Table input.0 - SELECT * FROM cursos where codigo_cursos = 'DDD'
2026/09/12 14:56:22 - Table input.0 - ERRO: não existe a coluna "codigo_cursos"
  Hint: Talvez você queira fazer referência à coluna "cursos.codigo_curso".
  Position: 28
2026/09/12 14:56:22 - Table input.0 - 
2026/09/12 14:56:22 - Table input.0 - 	at org.apache.hop.core.database.Database.openQuery(Database.java:1658)
2026/09/12 14:56:22 - Table input.0 - 	at org.apache.hop.pipeline.transforms.tableinput.TableInput.doQuery(TableInput.java:246)
2026/09/12 14:56:22 - Table input.0 - 	at org.apache.hop.pipeline.transforms.tableinput.TableInput.processRow(TableInput.java:139)
2026/09/12 14:56:22 - Table input.0 - 	at org.apache.hop.pipeline.transform.RunThread.run(RunThread.java:54)
2026/09/12 14:56:22 - Table input.0 - 	at java.base/java.lang.Thread.run(Thread.java:1474)
2026/09/12 14:56:22 - Table input.0 - Caused by: org.postgresql.util.PSQLException: ERRO: não existe a coluna "codigo_cursos"
  Hint: Talvez você queira fazer referência à coluna "cursos.codigo_curso".
  Position: 28
2026/09/12 14:56:22 - Table input.0 - 	at org.postgresql.core.v3.QueryExecutorImpl.receiveErrorResponse(QueryExecutorImpl.java:2904)
2026/09/12 14:56:22 - Table input.0 - 	at org.postgresql.core.v3.QueryExecutorImpl.processResults(QueryExecutorImpl.java:2589)
2026/09/12 14:56:22 - Table input.0 - 	at org.postgresql.core.v3.QueryExecutorImpl.execute(QueryExecutorImpl.java:431)
2026/09/12 14:56:22 - Table input.0 - 	at org.postgresql.jdbc.PgStatement.executeInternal(PgStatement.java:534)
2026/09/12 14:56:22 - Table input.0 - 	at org.postgresql.jdbc.PgStatement.execute(PgStatement.java:437)
2026/09/12 14:56:22 - Table input.0 - 	at org.postgresql.jdbc.PgStatement.executeWithFlags(PgStatement.java:359)
2026/09/12 14:56:22 - Table input.0 - 	at org.postgresql.jdbc.PgStatement.executeCachedSql(PgStatement.java:344)
2026/09/12 14:56:22 - Table input.0 - 	at org.postgresql.jdbc.PgStatement.executeWithFlags(PgStatement.java:320)
2026/09/12 14:56:22 - Table input.0 - 	at org.postgresql.jdbc.PgStatement.executeQuery(PgStatement.java:270)
2026/09/12 14:56:22 - Table input.0 - 	at org.apache.hop.core.database.Database.openQuery(Database.java:1647)
2026/09/12 14:56:22 - Table input.0 - 	... 4 more
2026/09/12 14:56:22 - Table input.0 - Finished reading query, closing connection.
2026/09/12 14:56:22 - Table input.0 - Finished processing (I=0, O=0, R=0, W=0, U=0, E=1)
2026/09/12 14:56:22 - pl_carga_cursos - Pipeline detected one or more transforms with errors.
2026/09/12 14:56:22 - pl_carga_cursos - Pipeline is killing the other transforms!
2026/09/12 14:56:22 - pl_carga_cursos - Pipeline duration : 0.12 seconds [  0.120" ]
2026/09/12 14:56:22 - pl_carga_cursos - Execution finished on a local pipeline engine with run configuration 'local'
